---
source: tests/ui_snapshots.rs
expression: frame(&app)
---
"┌Shop──────────────────────────────────────────────────────────────────────────────────────────────┐"
"│Purse: 80 gold                                                                                    │"
"└──────────────────────────────────────────────────────────────────────────────────────────────────┘"
"┌Wares─────────────────────────────────────────────────────────────────────────────────────────────┐"
"│ ▸ Surge                        60 g   Shock · pow 5 · 3 MP                                       │"
"│   Frost                        50 g   Ice · pow 4 · 2 MP                                         │"
"│   Poultice (+8 HP)             20 g   Restores health now                                        │"
"│   Vitality (+4 max HP)         45 g   Permanent for this run                                     │"
"│   Attunement (+1 max MP)       60 g   More room to combine                                       │"
"│                                                                                                  │"
"│   Leave                                                                                          │"
"│                                                                                                  │"
"│                                                                                                  │"
"│                                                                                                  │"
"│                                                                                                  │"
"│                                                                                                  │"
"│                                                                                                  │"
"│                                                                                                  │"
"│                                                                                                  │"
"│                                                                                                  │"
"│                                                                                                  │"
"│                                                                                                  │"
"│                                                                                                  │"
"│                                                                                                  │"
"│                                                                                                  │"
"└──────────────────────────────────────────────────────────────────────────────────────────────────┘"
"┌──────────────────────────────────────────────────────────────────────────────────────────────────┐"
"│↑↓ choose    Enter to buy    q to quit                                                            │"
"│                                                                                                  │"
"└──────────────────────────────────────────────────────────────────────────────────────────────────┘"
