---
source: tests/ui_snapshots.rs
expression: frame(&app(7))
---
"┌The Climb  ▸ Fight────────────────────────────────────────────────────────────────────────────────┐"
"│                                                                                                  │"
"│                                                                                                  │"
"│                                                                                                  │"
"│                                                                                                  │"
"│                                               ╱─☠─╲                                              │"
"│                                          ╱────  │  ────╲                                         │"
"│                                    ╱─────       │       ─────╲                                   │"
"│                                 ⚔──            ╱$╲            ──⚔                                │"
"│                                  ╲         ╱───   ───╲         ╱                                 │"
"│                                   ─╲   ╱───           ───╲   ╱─                                  │"
"│                                     ?──                  ╱──⚔                                    │"
"│                                     │            ╱───────   │                                    │"
"│                                     │    ╱───────           │                                    │"
"│                                     ?────                   $                                    │"
"│                                     │                       │                                    │"
"│                                     │                       │                                    │"
"│                                    [⚔]                      ⚔                                    │"
"│                                                                                                  │"
"│                                                                                                  │"
"│                                                                                                  │"
"│                                                                                                  │"
"│                                                                                                  │"
"│                                                                                                  │"
"│                                                                                                  │"
"└──────────────────────────────────────────────────────────────────────────────────────────────────┘"
"┌Spellbook─────────────────────────────────────────────────────────────────────────────────────────┐"
"│HP ██████████ 20/20   MP ██████ 5/5   0 gold                                                      │"
"│⚔ fight   ? event   $ shop   ☠ boss      ←→ choose   Enter to travel                              │"
"└──────────────────────────────────────────────────────────────────────────────────────────────────┘"
