---
source: tests/ui_snapshots.rs
expression: frame(&app)
---
"┌You────────────────────┐┌▸ Spider─────────────────────────────────────────────────────────────┐"
"│HP ██████  20          ││ /\oo/\                                                              │"
"│MP ██████   5          ││  (..)                                                               │"
"│                       ││ /|||||\                                                             │"
"│Round 1                ││HP █████ 10                                                          │"
"│                       ││Attack 2                                                             │"
"│                       ││                                                                     │"
"│                       ││                                                                     │"
"│                       ││                                                                     │"
"│                       ││                                                                     │"
"│                       ││                                                                     │"
"│                       ││                                                                     │"
"│                       ││                                                                     │"
"│                       ││                                                                     │"
"└───────────────────────┘└─────────────────────────────────────────────────────────────────────┘"
"┌Log───────────────────────────────────────────────────────────────────────────────────────────┐"
"│                                                                                              │"
"│                                                                                              │"
"│                                                                                              │"
"│                                                                                              │"
"└──────────────────────────────────────────────────────────────────────────────────────────────┘"
"┌Incantation  [Enter] cast  [Bksp] undo  [Tab] end turn────────────────────────────────────────┐"
"│Build:  (empty -- press 1-5 to add a spell)                                                   │"
"│Casting: --                                                                                   │"
"└──────────────────────────────────────────────────────────────────────────────────────────────┘"
"┌1────────────────┐┌2────────────────┐┌3─────────────────┐┌4────────────────┐┌5────────────────┐"
"│Ember · 1MP      ││Douse · 1MP      ││Gust · 1MP        ││                 ││                 │"
"└─────────────────┘└─────────────────┘└──────────────────┘└─────────────────┘└─────────────────┘"
