---
source: tests/ui_snapshots.rs
expression: frame(&app)
---
"┌Victory───────────────────────────────────────────────────────────────────────────────────────────┐"
"│The way is clear.                                                                                 │"
"│+10 gold   (purse: 10)                                                                            │"
"└──────────────────────────────────────────────────────────────────────────────────────────────────┘"
"┌ Frost ─────────────┐┌ Surge ─────────────┐┌ Spore ─────────────┐┌ Skip ──────┐                    "
"│  \|/               ││   /|               ││  .:.               ││            │                    "
"│  -*-               ││  /_|               ││ (:::)              ││Take nothing│                    "
"│  /|\               ││   /                ││  ':'               ││            │                    "
"│Ice · pow 4         ││Shock · pow 5       ││Toxic · pow 3       ││            │                    "
"│2 MP                ││3 MP                ││2 MP                ││            │                    "
"│Freezes at T2       ││2x vs soaked        ││Poisons             ││            │                    "
"└────────────────────┘└────────────────────┘└────────────────────┘└────────────┘                    "
"┌──────────────────────────────────────────────────────────────────────────────────────────────────┐"
"│←→ choose    Enter to take    (or pick Skip)                                                      │"
"│                                                                                                  │"
"│Spell slots: 3/5                                                                                  │"
"│                                                                                                  │"
"│                                                                                                  │"
"│                                                                                                  │"
"│                                                                                                  │"
"│                                                                                                  │"
"│                                                                                                  │"
"│                                                                                                  │"
"│                                                                                                  │"
"│                                                                                                  │"
"│                                                                                                  │"
"│                                                                                                  │"
"│                                                                                                  │"
"│                                                                                                  │"
"└──────────────────────────────────────────────────────────────────────────────────────────────────┘"
