---
source: tests/ui_snapshots.rs
expression: frame(&fresh())
---
"┌──────────────────────────────────────────────────────────────────────────────────────────────────┐"
"│                        ___ _  _  ___ ___ _  _ _____ ___ _____ ___ ___  _  _                      │"
"│                       |_ _| \| |/ __/ _ \ \| |_   _/ _ \_   _|_ _/ _ \| \| |                     │"
"│                       | || .` | (_| (_) | .` | | || (_) || |  | | (_) | .` |                     │"
"│                      |___|_|\_|\___\___/|_|\_| |_| \___/ |_| |___\___/|_|\_|                     │"
"│                                                                                                  │"
"│                                 combine spells · climb the branching dark                        │"
"│                                                                                                  │"
"└──────────────────────────────────────────────────────────────────────────────────────────────────┘"
"┌──────────────────────────────────────────────────────────────────────────────────────────────────┐"
"│                                           ▸ Start a run                                          │"
"│                                               Options                                            │"
"│                                                Quit                                              │"
"│                                                                                                  │"
"│                                                                                                  │"
"└──────────────────────────────────────────────────────────────────────────────────────────────────┘"
"                              ↑↓ choose    Enter to select    q to quit                             "
"                                                                                                    "
"                              Standard (5 rows) · Standard · log Normal                             "
"                                                                                                    "
"                                                                                                    "
"                                                                                                    "
"                                                                                                    "
"                                                                                                    "
"                                                                                                    "
"                                                                                                    "
"                                                                                                    "
"                                                                                                    "
"                                                                                                    "
"                                                                                                    "
